app/admin/tenants/[id]/page.tsx(118,25): error TS2353: Object literal may only specify known properties, and 'apiCalls' does not exist in type '{ txnVolume: number; memberCount: number; } | ((prevState: { txnVolume: number; memberCount: number; } | null) => { txnVolume: number; memberCount: number; } | null)'.
app/admin/tenants/[id]/page.tsx(261,169): error TS2339: Property 'apiCalls' does not exist on type '{ txnVolume: number; memberCount: number; }'.
app/admin/tenants/[id]/page.tsx(290,77): error TS2339: Property 'loansDisbursed' does not exist on type '{ txnVolume: number; memberCount: number; }'.
app/admin/tenants/[id]/page.tsx(344,59): error TS2367: This comparison appears to be unintentional because the types '"PENDING"' and '"PAID"' have no overlap.
app/dashboard/accounting/balance-sheet/page.tsx(95,35): error TS2304: Cannot find name 'period'.
app/dashboard/accounting/bank-reconciliation/page.tsx(70,28): error TS2345: Argument of type '{ id: string; source: string; date: string; narration?: string | undefined; amount: number; type: string; status: string; confidence?: number | null | undefined; }[]' is not assignable to parameter of type 'SetStateAction<ReconEntry[]>'.
  Type '{ id: string; source: string; date: string; narration?: string | undefined; amount: number; type: string; status: string; confidence?: number | null | undefined; }[]' is not assignable to type 'ReconEntry[]'.
    Type '{ id: string; source: string; date: string; narration?: string | undefined; amount: number; type: string; status: string; confidence?: number | null | undefined; }' is not assignable to type 'ReconEntry'.
      Types of property 'source' are incompatible.
        Type 'string' is not assignable to type '"GL" | "BANK"'.
app/dashboard/accounting/bank-reconciliation/page.tsx(190,30): error TS2304: Cannot find name 'CardHeader'.
app/dashboard/accounting/bank-reconciliation/page.tsx(190,94): error TS2304: Cannot find name 'CardHeader'.
app/dashboard/accounting/pl/page.tsx(42,28): error TS2339: Property 'totalIncome' does not exist on type '{ success: boolean; income: any[]; expenses: any[]; netProfit: number; }'.
app/dashboard/accounting/pl/page.tsx(43,30): error TS2339: Property 'totalExpenses' does not exist on type '{ success: boolean; income: any[]; expenses: any[]; netProfit: number; }'.
app/dashboard/accounts/page.tsx(201,45): error TS2551: Property 'member' does not exist on type 'SavingsAccount'. Did you mean 'memberId'?
app/dashboard/accounts/page.tsx(201,65): error TS2551: Property 'member' does not exist on type 'SavingsAccount'. Did you mean 'memberId'?
app/dashboard/accounts/page.tsx(201,93): error TS2551: Property 'member' does not exist on type 'SavingsAccount'. Did you mean 'memberId'?
app/dashboard/loans/[id]/page.tsx(176,38): error TS7006: Parameter 'emi' implicitly has an 'any' type.
app/dashboard/loans/new/page.tsx(304,101): error TS2353: Object literal may only specify known properties, and 'score' does not exist in type 'RiskFactor'.
app/dashboard/loans/new/page.tsx(304,142): error TS2353: Object literal may only specify known properties, and 'score' does not exist in type 'RiskFactor'.
app/dashboard/loans/new/page.tsx(304,183): error TS2353: Object literal may only specify known properties, and 'score' does not exist in type 'RiskFactor'.
app/dashboard/loans/new/page.tsx(304,221): error TS2353: Object literal may only specify known properties, and 'score' does not exist in type 'RiskFactor'.
app/dashboard/loans/new/page.tsx(304,262): error TS2353: Object literal may only specify known properties, and 'score' does not exist in type 'RiskFactor'.
app/dashboard/members/[id]/page.tsx(68,5): error TS2353: Object literal may only specify known properties, and 'aadhaar' does not exist in type 'Member'.
app/dashboard/members/[id]/page.tsx(157,37): error TS2339: Property 'kycExpiryDate' does not exist on type 'Member'.
app/dashboard/members/[id]/page.tsx(157,80): error TS2339: Property 'kycExpiryDate' does not exist on type 'Member'.
app/dashboard/members/[id]/page.tsx(227,36): error TS2339: Property 'kycExpiryDate' does not exist on type 'Member'.
app/dashboard/members/[id]/page.tsx(299,76): error TS2339: Property 'aadhaar' does not exist on type 'Member'.
app/dashboard/members/[id]/page.tsx(303,71): error TS2339: Property 'pan' does not exist on type 'Member'.
app/dashboard/members/[id]/page.tsx(372,72): error TS17001: JSX elements cannot have multiple attributes with the same name.
app/dashboard/members/[id]/page.tsx(435,79): error TS2339: Property 'kycExpiryDate' does not exist on type 'Member'.
app/dashboard/members/[id]/page.tsx(518,44): error TS2769: No overload matches this call.
  Overload 1 of 4, '(value: string | number | Date): Date', gave the following error.
    Argument of type 'Date | undefined' is not assignable to parameter of type 'string | number | Date'.
      Type 'undefined' is not assignable to type 'string | number | Date'.
  Overload 2 of 4, '(value: string | number): Date', gave the following error.
    Argument of type 'Date | undefined' is not assignable to parameter of type 'string | number'.
      Type 'undefined' is not assignable to type 'string | number'.
app/dashboard/members/[id]/page.tsx(550,46): error TS2353: Object literal may only specify known properties, and 'score' does not exist in type 'RiskFactor'.
app/dashboard/members/[id]/page.tsx(551,45): error TS2353: Object literal may only specify known properties, and 'score' does not exist in type 'RiskFactor'.
app/dashboard/members/[id]/page.tsx(552,45): error TS2353: Object literal may only specify known properties, and 'score' does not exist in type 'RiskFactor'.
app/dashboard/members/[id]/page.tsx(553,42): error TS2353: Object literal may only specify known properties, and 'score' does not exist in type 'RiskFactor'.
app/dashboard/members/[id]/page.tsx(554,45): error TS2353: Object literal may only specify known properties, and 'score' does not exist in type 'RiskFactor'.
app/dashboard/settings/users/page.tsx(25,15): error TS2339: Property 'TELLER' does not exist on type 'typeof UserRole'.
app/dashboard/settings/users/page.tsx(211,89): error TS2345: Argument of type '(p: { name: string; email: string; role: UserRole; password: string; }) => { role: string; name: string; email: string; password: string; }' is not assignable to parameter of type 'SetStateAction<{ name: string; email: string; role: UserRole; password: string; }>'.
  Type '(p: { name: string; email: string; role: UserRole; password: string; }) => { role: string; name: string; email: string; password: string; }' is not assignable to type '(prevState: { name: string; email: string; role: UserRole; password: string; }) => { name: string; email: string; role: UserRole; password: string; }'.
    Call signature return types '{ role: string; name: string; email: string; password: string; }' and '{ name: string; email: string; role: UserRole; password: string; }' are incompatible.
      The types of 'role' are incompatible between these types.
        Type 'string' is not assignable to type 'UserRole'.
app/layout.tsx(22,5): error TS2353: Object literal may only specify known properties, and 'themeColor' does not exist in type 'ViewportLayout'.
components/providers/auth-provider.tsx(168,15): error TS2345: Argument of type '{ mfaEnabled: boolean; mfaMethod: string; id: string; email: string; name: string; role: UserRole; tenantId: string; permissions: Permission[]; lastLogin?: Date; createdAt: Date; updatedAt: Date; }' is not assignable to parameter of type 'SetStateAction<User | null>'.
  Type '{ mfaEnabled: boolean; mfaMethod: string; id: string; email: string; name: string; role: UserRole; tenantId: string; permissions: Permission[]; lastLogin?: Date; createdAt: Date; updatedAt: Date; }' is not assignable to type 'User'.
    Types of property 'mfaMethod' are incompatible.
      Type 'string' is not assignable to type '"TOTP" | "SMS" | undefined'.
